Archive member included because of file (symbol)

/Users/matthewcongrove/pebble-dev/PebbleSDK-2.3/Pebble/lib/libpebble.a(tmpAGzHFdpebble.o)
                              src/pebble.c.7.o (app_event_loop)

Discarded input sections

 .text          0x0000000000000000        0x0 /Users/matthewcongrove/pebble-dev/PebbleSDK-2.3/arm-cs-tools/bin/../lib/gcc/arm-none-eabi/4.7.2/thumb2/crti.o
 .bss           0x0000000000000000        0x0 /Users/matthewcongrove/pebble-dev/PebbleSDK-2.3/arm-cs-tools/bin/../lib/gcc/arm-none-eabi/4.7.2/thumb2/crti.o
 .init          0x0000000000000000        0x4 /Users/matthewcongrove/pebble-dev/PebbleSDK-2.3/arm-cs-tools/bin/../lib/gcc/arm-none-eabi/4.7.2/thumb2/crti.o
 .fini          0x0000000000000000        0x4 /Users/matthewcongrove/pebble-dev/PebbleSDK-2.3/arm-cs-tools/bin/../lib/gcc/arm-none-eabi/4.7.2/thumb2/crti.o
 .text          0x0000000000000000       0xc8 /Users/matthewcongrove/pebble-dev/PebbleSDK-2.3/arm-cs-tools/bin/../lib/gcc/arm-none-eabi/4.7.2/thumb2/crtbegin.o
 .bss           0x0000000000000000       0x1c /Users/matthewcongrove/pebble-dev/PebbleSDK-2.3/arm-cs-tools/bin/../lib/gcc/arm-none-eabi/4.7.2/thumb2/crtbegin.o
 .init_array    0x0000000000000000        0x4 /Users/matthewcongrove/pebble-dev/PebbleSDK-2.3/arm-cs-tools/bin/../lib/gcc/arm-none-eabi/4.7.2/thumb2/crtbegin.o
 .fini_array    0x0000000000000000        0x4 /Users/matthewcongrove/pebble-dev/PebbleSDK-2.3/arm-cs-tools/bin/../lib/gcc/arm-none-eabi/4.7.2/thumb2/crtbegin.o
 .eh_frame      0x0000000000000000        0x0 /Users/matthewcongrove/pebble-dev/PebbleSDK-2.3/arm-cs-tools/bin/../lib/gcc/arm-none-eabi/4.7.2/thumb2/crtbegin.o
 .jcr           0x0000000000000000        0x0 /Users/matthewcongrove/pebble-dev/PebbleSDK-2.3/arm-cs-tools/bin/../lib/gcc/arm-none-eabi/4.7.2/thumb2/crtbegin.o
 .tm_clone_table
                0x0000000000000000        0x0 /Users/matthewcongrove/pebble-dev/PebbleSDK-2.3/arm-cs-tools/bin/../lib/gcc/arm-none-eabi/4.7.2/thumb2/crtbegin.o
 .text          0x0000000000000000        0x0 src/config.c.7.o
 .bss           0x0000000000000000        0x0 src/config.c.7.o
 .text          0x0000000000000000        0x0 src/main.c.7.o
 .bss           0x0000000000000000        0x0 src/main.c.7.o
 .text          0x0000000000000000        0x0 src/pebble.c.7.o
 .bss           0x0000000000000000        0x0 src/pebble.c.7.o
 .text          0x0000000000000000        0x0 appinfo.auto.c.7.o
 .bss           0x0000000000000000        0x0 appinfo.auto.c.7.o
 .bss           0x0000000000000000        0x0 /Users/matthewcongrove/pebble-dev/PebbleSDK-2.3/Pebble/lib/libpebble.a(tmpAGzHFdpebble.o)
 .text.accel_data_service_subscribe__deprecated
                0x0000000000000000        0xc /Users/matthewcongrove/pebble-dev/PebbleSDK-2.3/Pebble/lib/libpebble.a(tmpAGzHFdpebble.o)
 .text.accel_data_service_unsubscribe
                0x0000000000000000        0xc /Users/matthewcongrove/pebble-dev/PebbleSDK-2.3/Pebble/lib/libpebble.a(tmpAGzHFdpebble.o)
 .text.accel_service_peek
                0x0000000000000000        0xc /Users/matthewcongrove/pebble-dev/PebbleSDK-2.3/Pebble/lib/libpebble.a(tmpAGzHFdpebble.o)
 .text.accel_service_set_samples_per_update
                0x0000000000000000        0xc /Users/matthewcongrove/pebble-dev/PebbleSDK-2.3/Pebble/lib/libpebble.a(tmpAGzHFdpebble.o)
 .text.accel_service_set_sampling_rate
                0x0000000000000000        0xc /Users/matthewcongrove/pebble-dev/PebbleSDK-2.3/Pebble/lib/libpebble.a(tmpAGzHFdpebble.o)
 .text.accel_tap_service_subscribe
                0x0000000000000000        0xc /Users/matthewcongrove/pebble-dev/PebbleSDK-2.3/Pebble/lib/libpebble.a(tmpAGzHFdpebble.o)
 .text.accel_tap_service_unsubscribe
                0x0000000000000000        0xc /Users/matthewcongrove/pebble-dev/PebbleSDK-2.3/Pebble/lib/libpebble.a(tmpAGzHFdpebble.o)
 .text.action_bar_layer_add_to_window
                0x0000000000000000        0xc /Users/matthewcongrove/pebble-dev/PebbleSDK-2.3/Pebble/lib/libpebble.a(tmpAGzHFdpebble.o)
 .text.action_bar_layer_clear_icon
                0x0000000000000000        0xc /Users/matthewcongrove/pebble-dev/PebbleSDK-2.3/Pebble/lib/libpebble.a(tmpAGzHFdpebble.o)
 .text.action_bar_layer_create
                0x0000000000000000        0xc /Users/matthewcongrove/pebble-dev/PebbleSDK-2.3/Pebble/lib/libpebble.a(tmpAGzHFdpebble.o)
 .text.action_bar_layer_destroy
                0x0000000000000000        0xc /Users/matthewcongrove/pebble-dev/PebbleSDK-2.3/Pebble/lib/libpebble.a(tmpAGzHFdpebble.o)
 .text.action_bar_layer_get_layer
                0x0000000000000000        0xc /Users/matthewcongrove/pebble-dev/PebbleSDK-2.3/Pebble/lib/libpebble.a(tmpAGzHFdpebble.o)
 .text.action_bar_layer_remove_from_window
                0x0000000000000000        0xc /Users/matthewcongrove/pebble-dev/PebbleSDK-2.3/Pebble/lib/libpebble.a(tmpAGzHFdpebble.o)
 .text.action_bar_layer_set_background_color
                0x0000000000000000        0xc /Users/matthewcongrove/pebble-dev/PebbleSDK-2.3/Pebble/lib/libpebble.a(tmpAGzHFdpebble.o)
 .text.action_bar_layer_set_click_config_provider
                0x0000000000000000        0xc /Users/matthewcongrove/pebble-dev/PebbleSDK-2.3/Pebble/lib/libpebble.a(tmpAGzHFdpebble.o)
 .text.action_bar_layer_set_context
                0x0000000000000000        0xc /Users/matthewcongrove/pebble-dev/PebbleSDK-2.3/Pebble/lib/libpebble.a(tmpAGzHFdpebble.o)
 .text.action_bar_layer_set_icon
                0x0000000000000000        0xc /Users/matthewcongrove/pebble-dev/PebbleSDK-2.3/Pebble/lib/libpebble.a(tmpAGzHFdpebble.o)
 .text.animation_create
                0x0000000000000000        0xc /Users/matthewcongrove/pebble-dev/PebbleSDK-2.3/Pebble/lib/libpebble.a(tmpAGzHFdpebble.o)
 .text.animation_destroy
                0x0000000000000000        0xc /Users/matthewcongrove/pebble-dev/PebbleSDK-2.3/Pebble/lib/libpebble.a(tmpAGzHFdpebble.o)
 .text.animation_get_context
                0x0000000000000000        0xc /Users/matthewcongrove/pebble-dev/PebbleSDK-2.3/Pebble/lib/libpebble.a(tmpAGzHFdpebble.o)
 .text.animation_is_scheduled
                0x0000000000000000        0xc /Users/matthewcongrove/pebble-dev/PebbleSDK-2.3/Pebble/lib/libpebble.a(tmpAGzHFdpebble.o)
 .text.animation_schedule
                0x0000000000000000        0xc /Users/matthewcongrove/pebble-dev/PebbleSDK-2.3/Pebble/lib/libpebble.a(tmpAGzHFdpebble.o)
 .text.animation_set_curve
                0x0000000000000000        0xc /Users/matthewcongrove/pebble-dev/PebbleSDK-2.3/Pebble/lib/libpebble.a(tmpAGzHFdpebble.o)
 .text.animation_set_delay
                0x0000000000000000        0xc /Users/matthewcongrove/pebble-dev/PebbleSDK-2.3/Pebble/lib/libpebble.a(tmpAGzHFdpebble.o)
 .text.animation_set_duration
                0x0000000000000000        0xc /Users/matthewcongrove/pebble-dev/PebbleSDK-2.3/Pebble/lib/libpebble.a(tmpAGzHFdpebble.o)
 .text.animation_set_handlers
                0x0000000000000000        0xc /Users/matthewcongrove/pebble-dev/PebbleSDK-2.3/Pebble/lib/libpebble.a(tmpAGzHFdpebble.o)
 .text.animation_set_implementation
                0x0000000000000000        0xc /Users/matthewcongrove/pebble-dev/PebbleSDK-2.3/Pebble/lib/libpebble.a(tmpAGzHFdpebble.o)
 .text.animation_unschedule
                0x0000000000000000        0xc /Users/matthewcongrove/pebble-dev/PebbleSDK-2.3/Pebble/lib/libpebble.a(tmpAGzHFdpebble.o)
 .text.animation_unschedule_all
                0x0000000000000000        0xc /Users/matthewcongrove/pebble-dev/PebbleSDK-2.3/Pebble/lib/libpebble.a(tmpAGzHFdpebble.o)
 .text.app_comm_get_sniff_interval
                0x0000000000000000        0xc /Users/matthewcongrove/pebble-dev/PebbleSDK-2.3/Pebble/lib/libpebble.a(tmpAGzHFdpebble.o)
 .text.app_comm_set_sniff_interval
                0x0000000000000000        0xc /Users/matthewcongrove/pebble-dev/PebbleSDK-2.3/Pebble/lib/libpebble.a(tmpAGzHFdpebble.o)
 .text.app_message_deregister_callbacks
                0x0000000000000000        0xc /Users/matthewcongrove/pebble-dev/PebbleSDK-2.3/Pebble/lib/libpebble.a(tmpAGzHFdpebble.o)
 .text.app_sync_deinit
                0x0000000000000000        0xc /Users/matthewcongrove/pebble-dev/PebbleSDK-2.3/Pebble/lib/libpebble.a(tmpAGzHFdpebble.o)
 .text.app_sync_get
                0x0000000000000000        0xc /Users/matthewcongrove/pebble-dev/PebbleSDK-2.3/Pebble/lib/libpebble.a(tmpAGzHFdpebble.o)
 .text.app_sync_init
                0x0000000000000000        0xc /Users/matthewcongrove/pebble-dev/PebbleSDK-2.3/Pebble/lib/libpebble.a(tmpAGzHFdpebble.o)
 .text.app_sync_set
                0x0000000000000000        0xc /Users/matthewcongrove/pebble-dev/PebbleSDK-2.3/Pebble/lib/libpebble.a(tmpAGzHFdpebble.o)
 .text.app_timer_reschedule
                0x0000000000000000        0xc /Users/matthewcongrove/pebble-dev/PebbleSDK-2.3/Pebble/lib/libpebble.a(tmpAGzHFdpebble.o)
 .text.atan2_lookup
                0x0000000000000000        0xc /Users/matthewcongrove/pebble-dev/PebbleSDK-2.3/Pebble/lib/libpebble.a(tmpAGzHFdpebble.o)
 .text.atoi     0x0000000000000000        0xc /Users/matthewcongrove/pebble-dev/PebbleSDK-2.3/Pebble/lib/libpebble.a(tmpAGzHFdpebble.o)
 .text.atol     0x0000000000000000        0xc /Users/matthewcongrove/pebble-dev/PebbleSDK-2.3/Pebble/lib/libpebble.a(tmpAGzHFdpebble.o)
 .text.battery_state_service_peek
                0x0000000000000000        0xc /Users/matthewcongrove/pebble-dev/PebbleSDK-2.3/Pebble/lib/libpebble.a(tmpAGzHFdpebble.o)
 .text.battery_state_service_subscribe
                0x0000000000000000        0xc /Users/matthewcongrove/pebble-dev/PebbleSDK-2.3/Pebble/lib/libpebble.a(tmpAGzHFdpebble.o)
 .text.battery_state_service_unsubscribe
                0x0000000000000000        0xc /Users/matthewcongrove/pebble-dev/PebbleSDK-2.3/Pebble/lib/libpebble.a(tmpAGzHFdpebble.o)
 .text.bitmap_layer_create
                0x0000000000000000        0xc /Users/matthewcongrove/pebble-dev/PebbleSDK-2.3/Pebble/lib/libpebble.a(tmpAGzHFdpebble.o)
 .text.bitmap_layer_destroy
                0x0000000000000000        0xc /Users/matthewcongrove/pebble-dev/PebbleSDK-2.3/Pebble/lib/libpebble.a(tmpAGzHFdpebble.o)
 .text.bitmap_layer_get_layer
                0x0000000000000000        0xc /Users/matthewcongrove/pebble-dev/PebbleSDK-2.3/Pebble/lib/libpebble.a(tmpAGzHFdpebble.o)
 .text.bitmap_layer_set_alignment
                0x0000000000000000        0xc /Users/matthewcongrove/pebble-dev/PebbleSDK-2.3/Pebble/lib/libpebble.a(tmpAGzHFdpebble.o)
 .text.bitmap_layer_set_background_color
                0x0000000000000000        0xc /Users/matthewcongrove/pebble-dev/PebbleSDK-2.3/Pebble/lib/libpebble.a(tmpAGzHFdpebble.o)
 .text.bitmap_layer_set_bitmap
                0x0000000000000000        0xc /Users/matthewcongrove/pebble-dev/PebbleSDK-2.3/Pebble/lib/libpebble.a(tmpAGzHFdpebble.o)
 .text.bitmap_layer_set_compositing_mode
                0x0000000000000000        0xc /Users/matthewcongrove/pebble-dev/PebbleSDK-2.3/Pebble/lib/libpebble.a(tmpAGzHFdpebble.o)
 .text.bluetooth_connection_service_peek
                0x0000000000000000        0xc /Users/matthewcongrove/pebble-dev/PebbleSDK-2.3/Pebble/lib/libpebble.a(tmpAGzHFdpebble.o)
 .text.bluetooth_connection_service_subscribe
                0x0000000000000000        0xc /Users/matthewcongrove/pebble-dev/PebbleSDK-2.3/Pebble/lib/libpebble.a(tmpAGzHFdpebble.o)
 .text.bluetooth_connection_service_unsubscribe
                0x0000000000000000        0xc /Users/matthewcongrove/pebble-dev/PebbleSDK-2.3/Pebble/lib/libpebble.a(tmpAGzHFdpebble.o)
 .text.click_number_of_clicks_counted
                0x0000000000000000        0xc /Users/matthewcongrove/pebble-dev/PebbleSDK-2.3/Pebble/lib/libpebble.a(tmpAGzHFdpebble.o)
 .text.click_recognizer_get_button_id
                0x0000000000000000        0xc /Users/matthewcongrove/pebble-dev/PebbleSDK-2.3/Pebble/lib/libpebble.a(tmpAGzHFdpebble.o)
 .text.clock_copy_time_string
                0x0000000000000000        0xc /Users/matthewcongrove/pebble-dev/PebbleSDK-2.3/Pebble/lib/libpebble.a(tmpAGzHFdpebble.o)
 .text.clock_is_24h_style
                0x0000000000000000        0xc /Users/matthewcongrove/pebble-dev/PebbleSDK-2.3/Pebble/lib/libpebble.a(tmpAGzHFdpebble.o)
 .text.cos_lookup
                0x0000000000000000        0xc /Users/matthewcongrove/pebble-dev/PebbleSDK-2.3/Pebble/lib/libpebble.a(tmpAGzHFdpebble.o)
 .text.data_logging_create
                0x0000000000000000        0xc /Users/matthewcongrove/pebble-dev/PebbleSDK-2.3/Pebble/lib/libpebble.a(tmpAGzHFdpebble.o)
 .text.data_logging_finish
                0x0000000000000000        0xc /Users/matthewcongrove/pebble-dev/PebbleSDK-2.3/Pebble/lib/libpebble.a(tmpAGzHFdpebble.o)
 .text.data_logging_log
                0x0000000000000000        0xc /Users/matthewcongrove/pebble-dev/PebbleSDK-2.3/Pebble/lib/libpebble.a(tmpAGzHFdpebble.o)
 .text.dict_calc_buffer_size
                0x0000000000000000        0xc /Users/matthewcongrove/pebble-dev/PebbleSDK-2.3/Pebble/lib/libpebble.a(tmpAGzHFdpebble.o)
 .text.dict_calc_buffer_size_from_tuplets
                0x0000000000000000        0xc /Users/matthewcongrove/pebble-dev/PebbleSDK-2.3/Pebble/lib/libpebble.a(tmpAGzHFdpebble.o)
 .text.dict_merge
                0x0000000000000000        0xc /Users/matthewcongrove/pebble-dev/PebbleSDK-2.3/Pebble/lib/libpebble.a(tmpAGzHFdpebble.o)
 .text.dict_read_begin_from_buffer
                0x0000000000000000        0xc /Users/matthewcongrove/pebble-dev/PebbleSDK-2.3/Pebble/lib/libpebble.a(tmpAGzHFdpebble.o)
 .text.dict_read_first
                0x0000000000000000        0xc /Users/matthewcongrove/pebble-dev/PebbleSDK-2.3/Pebble/lib/libpebble.a(tmpAGzHFdpebble.o)
 .text.dict_read_next
                0x0000000000000000        0xc /Users/matthewcongrove/pebble-dev/PebbleSDK-2.3/Pebble/lib/libpebble.a(tmpAGzHFdpebble.o)
 .text.dict_serialize_tuplets
                0x0000000000000000        0xc /Users/matthewcongrove/pebble-dev/PebbleSDK-2.3/Pebble/lib/libpebble.a(tmpAGzHFdpebble.o)
 .text.dict_serialize_tuplets_to_buffer__deprecated
                0x0000000000000000        0xc /Users/matthewcongrove/pebble-dev/PebbleSDK-2.3/Pebble/lib/libpebble.a(tmpAGzHFdpebble.o)
 .text.dict_serialize_tuplets_to_buffer_with_iter
                0x0000000000000000        0xc /Users/matthewcongrove/pebble-dev/PebbleSDK-2.3/Pebble/lib/libpebble.a(tmpAGzHFdpebble.o)
 .text.dict_write_begin
                0x0000000000000000        0xc /Users/matthewcongrove/pebble-dev/PebbleSDK-2.3/Pebble/lib/libpebble.a(tmpAGzHFdpebble.o)
 .text.dict_write_data
                0x0000000000000000        0xc /Users/matthewcongrove/pebble-dev/PebbleSDK-2.3/Pebble/lib/libpebble.a(tmpAGzHFdpebble.o)
 .text.dict_write_int
                0x0000000000000000        0xc /Users/matthewcongrove/pebble-dev/PebbleSDK-2.3/Pebble/lib/libpebble.a(tmpAGzHFdpebble.o)
 .text.dict_write_int16
                0x0000000000000000        0xc /Users/matthewcongrove/pebble-dev/PebbleSDK-2.3/Pebble/lib/libpebble.a(tmpAGzHFdpebble.o)
 .text.dict_write_int32
                0x0000000000000000        0xc /Users/matthewcongrove/pebble-dev/PebbleSDK-2.3/Pebble/lib/libpebble.a(tmpAGzHFdpebble.o)
 .text.dict_write_int8
                0x0000000000000000        0xc /Users/matthewcongrove/pebble-dev/PebbleSDK-2.3/Pebble/lib/libpebble.a(tmpAGzHFdpebble.o)
 .text.dict_write_tuplet
                0x0000000000000000        0xc /Users/matthewcongrove/pebble-dev/PebbleSDK-2.3/Pebble/lib/libpebble.a(tmpAGzHFdpebble.o)
 .text.dict_write_uint16
                0x0000000000000000        0xc /Users/matthewcongrove/pebble-dev/PebbleSDK-2.3/Pebble/lib/libpebble.a(tmpAGzHFdpebble.o)
 .text.dict_write_uint32
                0x0000000000000000        0xc /Users/matthewcongrove/pebble-dev/PebbleSDK-2.3/Pebble/lib/libpebble.a(tmpAGzHFdpebble.o)
 .text.dict_write_uint8
                0x0000000000000000        0xc /Users/matthewcongrove/pebble-dev/PebbleSDK-2.3/Pebble/lib/libpebble.a(tmpAGzHFdpebble.o)
 .text.fonts_load_custom_font
                0x0000000000000000        0xc /Users/matthewcongrove/pebble-dev/PebbleSDK-2.3/Pebble/lib/libpebble.a(tmpAGzHFdpebble.o)
 .text.fonts_unload_custom_font
                0x0000000000000000        0xc /Users/matthewcongrove/pebble-dev/PebbleSDK-2.3/Pebble/lib/libpebble.a(tmpAGzHFdpebble.o)
 .text.free     0x0000000000000000        0xc /Users/matthewcongrove/pebble-dev/PebbleSDK-2.3/Pebble/lib/libpebble.a(tmpAGzHFdpebble.o)
 .text.gbitmap_create_as_sub_bitmap
                0x0000000000000000        0xc /Users/matthewcongrove/pebble-dev/PebbleSDK-2.3/Pebble/lib/libpebble.a(tmpAGzHFdpebble.o)
 .text.gbitmap_create_with_data
                0x0000000000000000        0xc /Users/matthewcongrove/pebble-dev/PebbleSDK-2.3/Pebble/lib/libpebble.a(tmpAGzHFdpebble.o)
 .text.gbitmap_create_with_resource
                0x0000000000000000        0xc /Users/matthewcongrove/pebble-dev/PebbleSDK-2.3/Pebble/lib/libpebble.a(tmpAGzHFdpebble.o)
 .text.gbitmap_destroy
                0x0000000000000000        0xc /Users/matthewcongrove/pebble-dev/PebbleSDK-2.3/Pebble/lib/libpebble.a(tmpAGzHFdpebble.o)
 .text.gmtime   0x0000000000000000        0xc /Users/matthewcongrove/pebble-dev/PebbleSDK-2.3/Pebble/lib/libpebble.a(tmpAGzHFdpebble.o)
 .text.gpath_create
                0x0000000000000000        0xc /Users/matthewcongrove/pebble-dev/PebbleSDK-2.3/Pebble/lib/libpebble.a(tmpAGzHFdpebble.o)
 .text.gpath_destroy
                0x0000000000000000        0xc /Users/matthewcongrove/pebble-dev/PebbleSDK-2.3/Pebble/lib/libpebble.a(tmpAGzHFdpebble.o)
 .text.gpath_draw_filled
                0x0000000000000000        0xc /Users/matthewcongrove/pebble-dev/PebbleSDK-2.3/Pebble/lib/libpebble.a(tmpAGzHFdpebble.o)
 .text.gpath_draw_outline
                0x0000000000000000        0xc /Users/matthewcongrove/pebble-dev/PebbleSDK-2.3/Pebble/lib/libpebble.a(tmpAGzHFdpebble.o)
 .text.gpath_move_to
                0x0000000000000000        0xc /Users/matthewcongrove/pebble-dev/PebbleSDK-2.3/Pebble/lib/libpebble.a(tmpAGzHFdpebble.o)
 .text.gpath_rotate_to
                0x0000000000000000        0xc /Users/matthewcongrove/pebble-dev/PebbleSDK-2.3/Pebble/lib/libpebble.a(tmpAGzHFdpebble.o)
 .text.gpoint_equal
                0x0000000000000000        0xc /Users/matthewcongrove/pebble-dev/PebbleSDK-2.3/Pebble/lib/libpebble.a(tmpAGzHFdpebble.o)
 .text.graphics_context_set_compositing_mode
                0x0000000000000000        0xc /Users/matthewcongrove/pebble-dev/PebbleSDK-2.3/Pebble/lib/libpebble.a(tmpAGzHFdpebble.o)
 .text.graphics_context_set_fill_color
                0x0000000000000000        0xc /Users/matthewcongrove/pebble-dev/PebbleSDK-2.3/Pebble/lib/libpebble.a(tmpAGzHFdpebble.o)
 .text.graphics_context_set_stroke_color
                0x0000000000000000        0xc /Users/matthewcongrove/pebble-dev/PebbleSDK-2.3/Pebble/lib/libpebble.a(tmpAGzHFdpebble.o)
 .text.graphics_context_set_text_color
                0x0000000000000000        0xc /Users/matthewcongrove/pebble-dev/PebbleSDK-2.3/Pebble/lib/libpebble.a(tmpAGzHFdpebble.o)
 .text.graphics_draw_bitmap_in_rect
                0x0000000000000000        0xc /Users/matthewcongrove/pebble-dev/PebbleSDK-2.3/Pebble/lib/libpebble.a(tmpAGzHFdpebble.o)
 .text.graphics_draw_circle
                0x0000000000000000        0xc /Users/matthewcongrove/pebble-dev/PebbleSDK-2.3/Pebble/lib/libpebble.a(tmpAGzHFdpebble.o)
 .text.graphics_draw_line
                0x0000000000000000        0xc /Users/matthewcongrove/pebble-dev/PebbleSDK-2.3/Pebble/lib/libpebble.a(tmpAGzHFdpebble.o)
 .text.graphics_draw_pixel
                0x0000000000000000        0xc /Users/matthewcongrove/pebble-dev/PebbleSDK-2.3/Pebble/lib/libpebble.a(tmpAGzHFdpebble.o)
 .text.graphics_draw_rect
                0x0000000000000000        0xc /Users/matthewcongrove/pebble-dev/PebbleSDK-2.3/Pebble/lib/libpebble.a(tmpAGzHFdpebble.o)
 .text.graphics_draw_round_rect
                0x0000000000000000        0xc /Users/matthewcongrove/pebble-dev/PebbleSDK-2.3/Pebble/lib/libpebble.a(tmpAGzHFdpebble.o)
 .text.graphics_fill_circle
                0x0000000000000000        0xc /Users/matthewcongrove/pebble-dev/PebbleSDK-2.3/Pebble/lib/libpebble.a(tmpAGzHFdpebble.o)
 .text.graphics_fill_rect
                0x0000000000000000        0xc /Users/matthewcongrove/pebble-dev/PebbleSDK-2.3/Pebble/lib/libpebble.a(tmpAGzHFdpebble.o)
 .text.graphics_text_layout_get_max_used_size
                0x0000000000000000        0xc /Users/matthewcongrove/pebble-dev/PebbleSDK-2.3/Pebble/lib/libpebble.a(tmpAGzHFdpebble.o)
 .text.grect_align
                0x0000000000000000        0xc /Users/matthewcongrove/pebble-dev/PebbleSDK-2.3/Pebble/lib/libpebble.a(tmpAGzHFdpebble.o)
 .text.grect_center_point
                0x0000000000000000        0xc /Users/matthewcongrove/pebble-dev/PebbleSDK-2.3/Pebble/lib/libpebble.a(tmpAGzHFdpebble.o)
 .text.grect_clip
                0x0000000000000000        0xc /Users/matthewcongrove/pebble-dev/PebbleSDK-2.3/Pebble/lib/libpebble.a(tmpAGzHFdpebble.o)
 .text.grect_contains_point
                0x0000000000000000        0xc /Users/matthewcongrove/pebble-dev/PebbleSDK-2.3/Pebble/lib/libpebble.a(tmpAGzHFdpebble.o)
 .text.grect_crop
                0x0000000000000000        0xc /Users/matthewcongrove/pebble-dev/PebbleSDK-2.3/Pebble/lib/libpebble.a(tmpAGzHFdpebble.o)
 .text.grect_equal
                0x0000000000000000        0xc /Users/matthewcongrove/pebble-dev/PebbleSDK-2.3/Pebble/lib/libpebble.a(tmpAGzHFdpebble.o)
 .text.grect_is_empty
                0x0000000000000000        0xc /Users/matthewcongrove/pebble-dev/PebbleSDK-2.3/Pebble/lib/libpebble.a(tmpAGzHFdpebble.o)
 .text.grect_standardize
                0x0000000000000000        0xc /Users/matthewcongrove/pebble-dev/PebbleSDK-2.3/Pebble/lib/libpebble.a(tmpAGzHFdpebble.o)
 .text.gsize_equal
                0x0000000000000000        0xc /Users/matthewcongrove/pebble-dev/PebbleSDK-2.3/Pebble/lib/libpebble.a(tmpAGzHFdpebble.o)
 .text.inverter_layer_create
                0x0000000000000000        0xc /Users/matthewcongrove/pebble-dev/PebbleSDK-2.3/Pebble/lib/libpebble.a(tmpAGzHFdpebble.o)
 .text.inverter_layer_destroy
                0x0000000000000000        0xc /Users/matthewcongrove/pebble-dev/PebbleSDK-2.3/Pebble/lib/libpebble.a(tmpAGzHFdpebble.o)
 .text.inverter_layer_get_layer
                0x0000000000000000        0xc /Users/matthewcongrove/pebble-dev/PebbleSDK-2.3/Pebble/lib/libpebble.a(tmpAGzHFdpebble.o)
 .text.layer_create
                0x0000000000000000        0xc /Users/matthewcongrove/pebble-dev/PebbleSDK-2.3/Pebble/lib/libpebble.a(tmpAGzHFdpebble.o)
 .text.layer_create_with_data
                0x0000000000000000        0xc /Users/matthewcongrove/pebble-dev/PebbleSDK-2.3/Pebble/lib/libpebble.a(tmpAGzHFdpebble.o)
 .text.layer_destroy
                0x0000000000000000        0xc /Users/matthewcongrove/pebble-dev/PebbleSDK-2.3/Pebble/lib/libpebble.a(tmpAGzHFdpebble.o)
 .text.layer_get_bounds
                0x0000000000000000        0xc /Users/matthewcongrove/pebble-dev/PebbleSDK-2.3/Pebble/lib/libpebble.a(tmpAGzHFdpebble.o)
 .text.layer_get_clips
                0x0000000000000000        0xc /Users/matthewcongrove/pebble-dev/PebbleSDK-2.3/Pebble/lib/libpebble.a(tmpAGzHFdpebble.o)
 .text.layer_get_data
                0x0000000000000000        0xc /Users/matthewcongrove/pebble-dev/PebbleSDK-2.3/Pebble/lib/libpebble.a(tmpAGzHFdpebble.o)
 .text.layer_get_frame
                0x0000000000000000        0xc /Users/matthewcongrove/pebble-dev/PebbleSDK-2.3/Pebble/lib/libpebble.a(tmpAGzHFdpebble.o)
 .text.layer_get_hidden
                0x0000000000000000        0xc /Users/matthewcongrove/pebble-dev/PebbleSDK-2.3/Pebble/lib/libpebble.a(tmpAGzHFdpebble.o)
 .text.layer_get_window
                0x0000000000000000        0xc /Users/matthewcongrove/pebble-dev/PebbleSDK-2.3/Pebble/lib/libpebble.a(tmpAGzHFdpebble.o)
 .text.layer_insert_above_sibling
                0x0000000000000000        0xc /Users/matthewcongrove/pebble-dev/PebbleSDK-2.3/Pebble/lib/libpebble.a(tmpAGzHFdpebble.o)
 .text.layer_insert_below_sibling
                0x0000000000000000        0xc /Users/matthewcongrove/pebble-dev/PebbleSDK-2.3/Pebble/lib/libpebble.a(tmpAGzHFdpebble.o)
 .text.layer_mark_dirty
                0x0000000000000000        0xc /Users/matthewcongrove/pebble-dev/PebbleSDK-2.3/Pebble/lib/libpebble.a(tmpAGzHFdpebble.o)
 .text.layer_remove_child_layers
                0x0000000000000000        0xc /Users/matthewcongrove/pebble-dev/PebbleSDK-2.3/Pebble/lib/libpebble.a(tmpAGzHFdpebble.o)
 .text.layer_remove_from_parent
                0x0000000000000000        0xc /Users/matthewcongrove/pebble-dev/PebbleSDK-2.3/Pebble/lib/libpebble.a(tmpAGzHFdpebble.o)
 .text.layer_set_bounds
                0x0000000000000000        0xc /Users/matthewcongrove/pebble-dev/PebbleSDK-2.3/Pebble/lib/libpebble.a(tmpAGzHFdpebble.o)
 .text.layer_set_clips
                0x0000000000000000        0xc /Users/matthewcongrove/pebble-dev/PebbleSDK-2.3/Pebble/lib/libpebble.a(tmpAGzHFdpebble.o)
 .text.layer_set_frame
                0x0000000000000000        0xc /Users/matthewcongrove/pebble-dev/PebbleSDK-2.3/Pebble/lib/libpebble.a(tmpAGzHFdpebble.o)
 .text.layer_set_hidden
                0x0000000000000000        0xc /Users/matthewcongrove/pebble-dev/PebbleSDK-2.3/Pebble/lib/libpebble.a(tmpAGzHFdpebble.o)
 .text.layer_set_update_proc
                0x0000000000000000        0xc /Users/matthewcongrove/pebble-dev/PebbleSDK-2.3/Pebble/lib/libpebble.a(tmpAGzHFdpebble.o)
 .text.light_enable
                0x0000000000000000        0xc /Users/matthewcongrove/pebble-dev/PebbleSDK-2.3/Pebble/lib/libpebble.a(tmpAGzHFdpebble.o)
 .text.light_enable_interaction
                0x0000000000000000        0xc /Users/matthewcongrove/pebble-dev/PebbleSDK-2.3/Pebble/lib/libpebble.a(tmpAGzHFdpebble.o)
 .text.localtime
                0x0000000000000000        0xc /Users/matthewcongrove/pebble-dev/PebbleSDK-2.3/Pebble/lib/libpebble.a(tmpAGzHFdpebble.o)
 .text.malloc   0x0000000000000000        0xc /Users/matthewcongrove/pebble-dev/PebbleSDK-2.3/Pebble/lib/libpebble.a(tmpAGzHFdpebble.o)
 .text.memcpy   0x0000000000000000        0xc /Users/matthewcongrove/pebble-dev/PebbleSDK-2.3/Pebble/lib/libpebble.a(tmpAGzHFdpebble.o)
 .text.memmove  0x0000000000000000        0xc /Users/matthewcongrove/pebble-dev/PebbleSDK-2.3/Pebble/lib/libpebble.a(tmpAGzHFdpebble.o)
 .text.menu_cell_basic_draw
                0x0000000000000000        0xc /Users/matthewcongrove/pebble-dev/PebbleSDK-2.3/Pebble/lib/libpebble.a(tmpAGzHFdpebble.o)
 .text.menu_cell_basic_header_draw
                0x0000000000000000        0xc /Users/matthewcongrove/pebble-dev/PebbleSDK-2.3/Pebble/lib/libpebble.a(tmpAGzHFdpebble.o)
 .text.menu_cell_title_draw
                0x0000000000000000        0xc /Users/matthewcongrove/pebble-dev/PebbleSDK-2.3/Pebble/lib/libpebble.a(tmpAGzHFdpebble.o)
 .text.menu_index_compare
                0x0000000000000000        0xc /Users/matthewcongrove/pebble-dev/PebbleSDK-2.3/Pebble/lib/libpebble.a(tmpAGzHFdpebble.o)
 .text.menu_layer_create
                0x0000000000000000        0xc /Users/matthewcongrove/pebble-dev/PebbleSDK-2.3/Pebble/lib/libpebble.a(tmpAGzHFdpebble.o)
 .text.menu_layer_destroy
                0x0000000000000000        0xc /Users/matthewcongrove/pebble-dev/PebbleSDK-2.3/Pebble/lib/libpebble.a(tmpAGzHFdpebble.o)
 .text.menu_layer_get_layer
                0x0000000000000000        0xc /Users/matthewcongrove/pebble-dev/PebbleSDK-2.3/Pebble/lib/libpebble.a(tmpAGzHFdpebble.o)
 .text.menu_layer_get_scroll_layer
                0x0000000000000000        0xc /Users/matthewcongrove/pebble-dev/PebbleSDK-2.3/Pebble/lib/libpebble.a(tmpAGzHFdpebble.o)
 .text.menu_layer_get_selected_index
                0x0000000000000000        0xc /Users/matthewcongrove/pebble-dev/PebbleSDK-2.3/Pebble/lib/libpebble.a(tmpAGzHFdpebble.o)
 .text.menu_layer_reload_data
                0x0000000000000000        0xc /Users/matthewcongrove/pebble-dev/PebbleSDK-2.3/Pebble/lib/libpebble.a(tmpAGzHFdpebble.o)
 .text.menu_layer_set_callbacks__deprecated
                0x0000000000000000        0xc /Users/matthewcongrove/pebble-dev/PebbleSDK-2.3/Pebble/lib/libpebble.a(tmpAGzHFdpebble.o)
 .text.menu_layer_set_click_config_onto_window
                0x0000000000000000        0xc /Users/matthewcongrove/pebble-dev/PebbleSDK-2.3/Pebble/lib/libpebble.a(tmpAGzHFdpebble.o)
 .text.menu_layer_set_selected_index
                0x0000000000000000        0xc /Users/matthewcongrove/pebble-dev/PebbleSDK-2.3/Pebble/lib/libpebble.a(tmpAGzHFdpebble.o)
 .text.menu_layer_set_selected_next
                0x0000000000000000        0xc /Users/matthewcongrove/pebble-dev/PebbleSDK-2.3/Pebble/lib/libpebble.a(tmpAGzHFdpebble.o)
 .text.number_window_create
                0x0000000000000000        0xc /Users/matthewcongrove/pebble-dev/PebbleSDK-2.3/Pebble/lib/libpebble.a(tmpAGzHFdpebble.o)
 .text.number_window_destroy
                0x0000000000000000        0xc /Users/matthewcongrove/pebble-dev/PebbleSDK-2.3/Pebble/lib/libpebble.a(tmpAGzHFdpebble.o)
 .text.number_window_get_value
                0x0000000000000000        0xc /Users/matthewcongrove/pebble-dev/PebbleSDK-2.3/Pebble/lib/libpebble.a(tmpAGzHFdpebble.o)
 .text.number_window_set_label
                0x0000000000000000        0xc /Users/matthewcongrove/pebble-dev/PebbleSDK-2.3/Pebble/lib/libpebble.a(tmpAGzHFdpebble.o)
 .text.number_window_set_max
                0x0000000000000000        0xc /Users/matthewcongrove/pebble-dev/PebbleSDK-2.3/Pebble/lib/libpebble.a(tmpAGzHFdpebble.o)
 .text.number_window_set_min
                0x0000000000000000        0xc /Users/matthewcongrove/pebble-dev/PebbleSDK-2.3/Pebble/lib/libpebble.a(tmpAGzHFdpebble.o)
 .text.number_window_set_step_size
                0x0000000000000000        0xc /Users/matthewcongrove/pebble-dev/PebbleSDK-2.3/Pebble/lib/libpebble.a(tmpAGzHFdpebble.o)
 .text.number_window_set_value
                0x0000000000000000        0xc /Users/matthewcongrove/pebble-dev/PebbleSDK-2.3/Pebble/lib/libpebble.a(tmpAGzHFdpebble.o)
 .text.persist_delete
                0x0000000000000000        0xc /Users/matthewcongrove/pebble-dev/PebbleSDK-2.3/Pebble/lib/libpebble.a(tmpAGzHFdpebble.o)
 .text.persist_exists
                0x0000000000000000        0xc /Users/matthewcongrove/pebble-dev/PebbleSDK-2.3/Pebble/lib/libpebble.a(tmpAGzHFdpebble.o)
 .text.persist_get_size
                0x0000000000000000        0xc /Users/matthewcongrove/pebble-dev/PebbleSDK-2.3/Pebble/lib/libpebble.a(tmpAGzHFdpebble.o)
 .text.persist_read_bool
                0x0000000000000000        0xc /Users/matthewcongrove/pebble-dev/PebbleSDK-2.3/Pebble/lib/libpebble.a(tmpAGzHFdpebble.o)
 .text.persist_read_data__deprecated
                0x0000000000000000        0xc /Users/matthewcongrove/pebble-dev/PebbleSDK-2.3/Pebble/lib/libpebble.a(tmpAGzHFdpebble.o)
 .text.persist_read_int
                0x0000000000000000        0xc /Users/matthewcongrove/pebble-dev/PebbleSDK-2.3/Pebble/lib/libpebble.a(tmpAGzHFdpebble.o)
 .text.persist_read_string__deprecated
                0x0000000000000000        0xc /Users/matthewcongrove/pebble-dev/PebbleSDK-2.3/Pebble/lib/libpebble.a(tmpAGzHFdpebble.o)
 .text.persist_write_bool
                0x0000000000000000        0xc /Users/matthewcongrove/pebble-dev/PebbleSDK-2.3/Pebble/lib/libpebble.a(tmpAGzHFdpebble.o)
 .text.persist_write_data__deprecated
                0x0000000000000000        0xc /Users/matthewcongrove/pebble-dev/PebbleSDK-2.3/Pebble/lib/libpebble.a(tmpAGzHFdpebble.o)
 .text.persist_write_int
                0x0000000000000000        0xc /Users/matthewcongrove/pebble-dev/PebbleSDK-2.3/Pebble/lib/libpebble.a(tmpAGzHFdpebble.o)
 .text.persist_write_string
                0x0000000000000000        0xc /Users/matthewcongrove/pebble-dev/PebbleSDK-2.3/Pebble/lib/libpebble.a(tmpAGzHFdpebble.o)
 .text.property_animation_create
                0x0000000000000000        0xc /Users/matthewcongrove/pebble-dev/PebbleSDK-2.3/Pebble/lib/libpebble.a(tmpAGzHFdpebble.o)
 .text.property_animation_create_layer_frame
                0x0000000000000000        0xc /Users/matthewcongrove/pebble-dev/PebbleSDK-2.3/Pebble/lib/libpebble.a(tmpAGzHFdpebble.o)
 .text.property_animation_destroy
                0x0000000000000000        0xc /Users/matthewcongrove/pebble-dev/PebbleSDK-2.3/Pebble/lib/libpebble.a(tmpAGzHFdpebble.o)
 .text.property_animation_update_gpoint
                0x0000000000000000        0xc /Users/matthewcongrove/pebble-dev/PebbleSDK-2.3/Pebble/lib/libpebble.a(tmpAGzHFdpebble.o)
 .text.property_animation_update_grect
                0x0000000000000000        0xc /Users/matthewcongrove/pebble-dev/PebbleSDK-2.3/Pebble/lib/libpebble.a(tmpAGzHFdpebble.o)
 .text.property_animation_update_int16
                0x0000000000000000        0xc /Users/matthewcongrove/pebble-dev/PebbleSDK-2.3/Pebble/lib/libpebble.a(tmpAGzHFdpebble.o)
 .text.psleep   0x0000000000000000        0xc /Users/matthewcongrove/pebble-dev/PebbleSDK-2.3/Pebble/lib/libpebble.a(tmpAGzHFdpebble.o)
 .text.rand     0x0000000000000000        0xc /Users/matthewcongrove/pebble-dev/PebbleSDK-2.3/Pebble/lib/libpebble.a(tmpAGzHFdpebble.o)
 .text.resource_get_handle
                0x0000000000000000        0xc /Users/matthewcongrove/pebble-dev/PebbleSDK-2.3/Pebble/lib/libpebble.a(tmpAGzHFdpebble.o)
 .text.resource_load
                0x0000000000000000        0xc /Users/matthewcongrove/pebble-dev/PebbleSDK-2.3/Pebble/lib/libpebble.a(tmpAGzHFdpebble.o)
 .text.resource_load_byte_range
                0x0000000000000000        0xc /Users/matthewcongrove/pebble-dev/PebbleSDK-2.3/Pebble/lib/libpebble.a(tmpAGzHFdpebble.o)
 .text.resource_size
                0x0000000000000000        0xc /Users/matthewcongrove/pebble-dev/PebbleSDK-2.3/Pebble/lib/libpebble.a(tmpAGzHFdpebble.o)
 .text.rot_bitmap_layer_create
                0x0000000000000000        0xc /Users/matthewcongrove/pebble-dev/PebbleSDK-2.3/Pebble/lib/libpebble.a(tmpAGzHFdpebble.o)
 .text.rot_bitmap_layer_destroy
                0x0000000000000000        0xc /Users/matthewcongrove/pebble-dev/PebbleSDK-2.3/Pebble/lib/libpebble.a(tmpAGzHFdpebble.o)
 .text.rot_bitmap_layer_increment_angle
                0x0000000000000000        0xc /Users/matthewcongrove/pebble-dev/PebbleSDK-2.3/Pebble/lib/libpebble.a(tmpAGzHFdpebble.o)
 .text.rot_bitmap_layer_set_angle
                0x0000000000000000        0xc /Users/matthewcongrove/pebble-dev/PebbleSDK-2.3/Pebble/lib/libpebble.a(tmpAGzHFdpebble.o)
 .text.rot_bitmap_layer_set_corner_clip_color
                0x0000000000000000        0xc /Users/matthewcongrove/pebble-dev/PebbleSDK-2.3/Pebble/lib/libpebble.a(tmpAGzHFdpebble.o)
 .text.rot_bitmap_set_compositing_mode
                0x0000000000000000        0xc /Users/matthewcongrove/pebble-dev/PebbleSDK-2.3/Pebble/lib/libpebble.a(tmpAGzHFdpebble.o)
 .text.rot_bitmap_set_src_ic
                0x0000000000000000        0xc /Users/matthewcongrove/pebble-dev/PebbleSDK-2.3/Pebble/lib/libpebble.a(tmpAGzHFdpebble.o)
 .text.scroll_layer_add_child
                0x0000000000000000        0xc /Users/matthewcongrove/pebble-dev/PebbleSDK-2.3/Pebble/lib/libpebble.a(tmpAGzHFdpebble.o)
 .text.scroll_layer_create
                0x0000000000000000        0xc /Users/matthewcongrove/pebble-dev/PebbleSDK-2.3/Pebble/lib/libpebble.a(tmpAGzHFdpebble.o)
 .text.scroll_layer_destroy
                0x0000000000000000        0xc /Users/matthewcongrove/pebble-dev/PebbleSDK-2.3/Pebble/lib/libpebble.a(tmpAGzHFdpebble.o)
 .text.scroll_layer_get_content_offset
                0x0000000000000000        0xc /Users/matthewcongrove/pebble-dev/PebbleSDK-2.3/Pebble/lib/libpebble.a(tmpAGzHFdpebble.o)
 .text.scroll_layer_get_content_size
                0x0000000000000000        0xc /Users/matthewcongrove/pebble-dev/PebbleSDK-2.3/Pebble/lib/libpebble.a(tmpAGzHFdpebble.o)
 .text.scroll_layer_get_layer
                0x0000000000000000        0xc /Users/matthewcongrove/pebble-dev/PebbleSDK-2.3/Pebble/lib/libpebble.a(tmpAGzHFdpebble.o)
 .text.scroll_layer_get_shadow_hidden
                0x0000000000000000        0xc /Users/matthewcongrove/pebble-dev/PebbleSDK-2.3/Pebble/lib/libpebble.a(tmpAGzHFdpebble.o)
 .text.scroll_layer_scroll_down_click_handler
                0x0000000000000000        0xc /Users/matthewcongrove/pebble-dev/PebbleSDK-2.3/Pebble/lib/libpebble.a(tmpAGzHFdpebble.o)
 .text.scroll_layer_scroll_up_click_handler
                0x0000000000000000        0xc /Users/matthewcongrove/pebble-dev/PebbleSDK-2.3/Pebble/lib/libpebble.a(tmpAGzHFdpebble.o)
 .text.scroll_layer_set_callbacks
                0x0000000000000000        0xc /Users/matthewcongrove/pebble-dev/PebbleSDK-2.3/Pebble/lib/libpebble.a(tmpAGzHFdpebble.o)
 .text.scroll_layer_set_click_config_onto_window
                0x0000000000000000        0xc /Users/matthewcongrove/pebble-dev/PebbleSDK-2.3/Pebble/lib/libpebble.a(tmpAGzHFdpebble.o)
 .text.scroll_layer_set_content_offset
                0x0000000000000000        0xc /Users/matthewcongrove/pebble-dev/PebbleSDK-2.3/Pebble/lib/libpebble.a(tmpAGzHFdpebble.o)
 .text.scroll_layer_set_content_size
                0x0000000000000000        0xc /Users/matthewcongrove/pebble-dev/PebbleSDK-2.3/Pebble/lib/libpebble.a(tmpAGzHFdpebble.o)
 .text.scroll_layer_set_context
                0x0000000000000000        0xc /Users/matthewcongrove/pebble-dev/PebbleSDK-2.3/Pebble/lib/libpebble.a(tmpAGzHFdpebble.o)
 .text.scroll_layer_set_frame
                0x0000000000000000        0xc /Users/matthewcongrove/pebble-dev/PebbleSDK-2.3/Pebble/lib/libpebble.a(tmpAGzHFdpebble.o)
 .text.scroll_layer_set_shadow_hidden
                0x0000000000000000        0xc /Users/matthewcongrove/pebble-dev/PebbleSDK-2.3/Pebble/lib/libpebble.a(tmpAGzHFdpebble.o)
 .text.simple_menu_layer_create
                0x0000000000000000        0xc /Users/matthewcongrove/pebble-dev/PebbleSDK-2.3/Pebble/lib/libpebble.a(tmpAGzHFdpebble.o)
 .text.simple_menu_layer_destroy
                0x0000000000000000        0xc /Users/matthewcongrove/pebble-dev/PebbleSDK-2.3/Pebble/lib/libpebble.a(tmpAGzHFdpebble.o)
 .text.simple_menu_layer_get_layer
                0x0000000000000000        0xc /Users/matthewcongrove/pebble-dev/PebbleSDK-2.3/Pebble/lib/libpebble.a(tmpAGzHFdpebble.o)
 .text.simple_menu_layer_get_selected_index
                0x0000000000000000        0xc /Users/matthewcongrove/pebble-dev/PebbleSDK-2.3/Pebble/lib/libpebble.a(tmpAGzHFdpebble.o)
 .text.simple_menu_layer_set_selected_index
                0x0000000000000000        0xc /Users/matthewcongrove/pebble-dev/PebbleSDK-2.3/Pebble/lib/libpebble.a(tmpAGzHFdpebble.o)
 .text.sin_lookup
                0x0000000000000000        0xc /Users/matthewcongrove/pebble-dev/PebbleSDK-2.3/Pebble/lib/libpebble.a(tmpAGzHFdpebble.o)
 .text.snprintf
                0x0000000000000000        0xc /Users/matthewcongrove/pebble-dev/PebbleSDK-2.3/Pebble/lib/libpebble.a(tmpAGzHFdpebble.o)
 .text.srand    0x0000000000000000        0xc /Users/matthewcongrove/pebble-dev/PebbleSDK-2.3/Pebble/lib/libpebble.a(tmpAGzHFdpebble.o)
 .text.strcat   0x0000000000000000        0xc /Users/matthewcongrove/pebble-dev/PebbleSDK-2.3/Pebble/lib/libpebble.a(tmpAGzHFdpebble.o)
 .text.strcmp   0x0000000000000000        0xc /Users/matthewcongrove/pebble-dev/PebbleSDK-2.3/Pebble/lib/libpebble.a(tmpAGzHFdpebble.o)
 .text.strcpy   0x0000000000000000        0xc /Users/matthewcongrove/pebble-dev/PebbleSDK-2.3/Pebble/lib/libpebble.a(tmpAGzHFdpebble.o)
 .text.strftime
                0x0000000000000000        0xc /Users/matthewcongrove/pebble-dev/PebbleSDK-2.3/Pebble/lib/libpebble.a(tmpAGzHFdpebble.o)
 .text.strlen   0x0000000000000000        0xc /Users/matthewcongrove/pebble-dev/PebbleSDK-2.3/Pebble/lib/libpebble.a(tmpAGzHFdpebble.o)
 .text.strncat  0x0000000000000000        0xc /Users/matthewcongrove/pebble-dev/PebbleSDK-2.3/Pebble/lib/libpebble.a(tmpAGzHFdpebble.o)
 .text.strncmp  0x0000000000000000        0xc /Users/matthewcongrove/pebble-dev/PebbleSDK-2.3/Pebble/lib/libpebble.a(tmpAGzHFdpebble.o)
 .text.strncpy  0x0000000000000000        0xc /Users/matthewcongrove/pebble-dev/PebbleSDK-2.3/Pebble/lib/libpebble.a(tmpAGzHFdpebble.o)
 .text.text_layer_get_content_size
                0x0000000000000000        0xc /Users/matthewcongrove/pebble-dev/PebbleSDK-2.3/Pebble/lib/libpebble.a(tmpAGzHFdpebble.o)
 .text.text_layer_get_layer
                0x0000000000000000        0xc /Users/matthewcongrove/pebble-dev/PebbleSDK-2.3/Pebble/lib/libpebble.a(tmpAGzHFdpebble.o)
 .text.text_layer_get_text
                0x0000000000000000        0xc /Users/matthewcongrove/pebble-dev/PebbleSDK-2.3/Pebble/lib/libpebble.a(tmpAGzHFdpebble.o)
 .text.text_layer_set_background_color
                0x0000000000000000        0xc /Users/matthewcongrove/pebble-dev/PebbleSDK-2.3/Pebble/lib/libpebble.a(tmpAGzHFdpebble.o)
 .text.text_layer_set_overflow_mode
                0x0000000000000000        0xc /Users/matthewcongrove/pebble-dev/PebbleSDK-2.3/Pebble/lib/libpebble.a(tmpAGzHFdpebble.o)
 .text.text_layer_set_size
                0x0000000000000000        0xc /Users/matthewcongrove/pebble-dev/PebbleSDK-2.3/Pebble/lib/libpebble.a(tmpAGzHFdpebble.o)
 .text.text_layer_set_text_color
                0x0000000000000000        0xc /Users/matthewcongrove/pebble-dev/PebbleSDK-2.3/Pebble/lib/libpebble.a(tmpAGzHFdpebble.o)
 .text.tick_timer_service_subscribe
                0x0000000000000000        0xc /Users/matthewcongrove/pebble-dev/PebbleSDK-2.3/Pebble/lib/libpebble.a(tmpAGzHFdpebble.o)
 .text.tick_timer_service_unsubscribe
                0x0000000000000000        0xc /Users/matthewcongrove/pebble-dev/PebbleSDK-2.3/Pebble/lib/libpebble.a(tmpAGzHFdpebble.o)
 .text.time     0x0000000000000000        0xc /Users/matthewcongrove/pebble-dev/PebbleSDK-2.3/Pebble/lib/libpebble.a(tmpAGzHFdpebble.o)
 .text.time_ms  0x0000000000000000        0xc /Users/matthewcongrove/pebble-dev/PebbleSDK-2.3/Pebble/lib/libpebble.a(tmpAGzHFdpebble.o)
 .text.vibes_cancel
                0x0000000000000000        0xc /Users/matthewcongrove/pebble-dev/PebbleSDK-2.3/Pebble/lib/libpebble.a(tmpAGzHFdpebble.o)
 .text.vibes_double_pulse
                0x0000000000000000        0xc /Users/matthewcongrove/pebble-dev/PebbleSDK-2.3/Pebble/lib/libpebble.a(tmpAGzHFdpebble.o)
 .text.vibes_enqueue_custom_pattern
                0x0000000000000000        0xc /Users/matthewcongrove/pebble-dev/PebbleSDK-2.3/Pebble/lib/libpebble.a(tmpAGzHFdpebble.o)
 .text.vibes_long_pulse
                0x0000000000000000        0xc /Users/matthewcongrove/pebble-dev/PebbleSDK-2.3/Pebble/lib/libpebble.a(tmpAGzHFdpebble.o)
 .text.vibes_short_pulse
                0x0000000000000000        0xc /Users/matthewcongrove/pebble-dev/PebbleSDK-2.3/Pebble/lib/libpebble.a(tmpAGzHFdpebble.o)
 .text.window_get_click_config_provider
                0x0000000000000000        0xc /Users/matthewcongrove/pebble-dev/PebbleSDK-2.3/Pebble/lib/libpebble.a(tmpAGzHFdpebble.o)
 .text.window_get_fullscreen
                0x0000000000000000        0xc /Users/matthewcongrove/pebble-dev/PebbleSDK-2.3/Pebble/lib/libpebble.a(tmpAGzHFdpebble.o)
 .text.window_is_loaded
                0x0000000000000000        0xc /Users/matthewcongrove/pebble-dev/PebbleSDK-2.3/Pebble/lib/libpebble.a(tmpAGzHFdpebble.o)
 .text.window_set_background_color
                0x0000000000000000        0xc /Users/matthewcongrove/pebble-dev/PebbleSDK-2.3/Pebble/lib/libpebble.a(tmpAGzHFdpebble.o)
 .text.window_set_click_config_provider_with_context
                0x0000000000000000        0xc /Users/matthewcongrove/pebble-dev/PebbleSDK-2.3/Pebble/lib/libpebble.a(tmpAGzHFdpebble.o)
 .text.window_set_status_bar_icon
                0x0000000000000000        0xc /Users/matthewcongrove/pebble-dev/PebbleSDK-2.3/Pebble/lib/libpebble.a(tmpAGzHFdpebble.o)
 .text.window_stack_contains_window
                0x0000000000000000        0xc /Users/matthewcongrove/pebble-dev/PebbleSDK-2.3/Pebble/lib/libpebble.a(tmpAGzHFdpebble.o)
 .text.window_stack_get_top_window
                0x0000000000000000        0xc /Users/matthewcongrove/pebble-dev/PebbleSDK-2.3/Pebble/lib/libpebble.a(tmpAGzHFdpebble.o)
 .text.window_stack_pop
                0x0000000000000000        0xc /Users/matthewcongrove/pebble-dev/PebbleSDK-2.3/Pebble/lib/libpebble.a(tmpAGzHFdpebble.o)
 .text.window_stack_pop_all
                0x0000000000000000        0xc /Users/matthewcongrove/pebble-dev/PebbleSDK-2.3/Pebble/lib/libpebble.a(tmpAGzHFdpebble.o)
 .text.app_focus_service_subscribe
                0x0000000000000000        0xc /Users/matthewcongrove/pebble-dev/PebbleSDK-2.3/Pebble/lib/libpebble.a(tmpAGzHFdpebble.o)
 .text.app_focus_service_unsubscribe
                0x0000000000000000        0xc /Users/matthewcongrove/pebble-dev/PebbleSDK-2.3/Pebble/lib/libpebble.a(tmpAGzHFdpebble.o)
 .text.window_get_user_data
                0x0000000000000000        0xc /Users/matthewcongrove/pebble-dev/PebbleSDK-2.3/Pebble/lib/libpebble.a(tmpAGzHFdpebble.o)
 .text.window_set_user_data
                0x0000000000000000        0xc /Users/matthewcongrove/pebble-dev/PebbleSDK-2.3/Pebble/lib/libpebble.a(tmpAGzHFdpebble.o)
 .text.app_message_get_context
                0x0000000000000000        0xc /Users/matthewcongrove/pebble-dev/PebbleSDK-2.3/Pebble/lib/libpebble.a(tmpAGzHFdpebble.o)
 .text.app_message_set_context
                0x0000000000000000        0xc /Users/matthewcongrove/pebble-dev/PebbleSDK-2.3/Pebble/lib/libpebble.a(tmpAGzHFdpebble.o)
 .text.window_long_click_subscribe
                0x0000000000000000        0xc /Users/matthewcongrove/pebble-dev/PebbleSDK-2.3/Pebble/lib/libpebble.a(tmpAGzHFdpebble.o)
 .text.window_multi_click_subscribe
                0x0000000000000000        0xc /Users/matthewcongrove/pebble-dev/PebbleSDK-2.3/Pebble/lib/libpebble.a(tmpAGzHFdpebble.o)
 .text.window_raw_click_subscribe
                0x0000000000000000        0xc /Users/matthewcongrove/pebble-dev/PebbleSDK-2.3/Pebble/lib/libpebble.a(tmpAGzHFdpebble.o)
 .text.window_set_click_context
                0x0000000000000000        0xc /Users/matthewcongrove/pebble-dev/PebbleSDK-2.3/Pebble/lib/libpebble.a(tmpAGzHFdpebble.o)
 .text.window_single_repeating_click_subscribe
                0x0000000000000000        0xc /Users/matthewcongrove/pebble-dev/PebbleSDK-2.3/Pebble/lib/libpebble.a(tmpAGzHFdpebble.o)
 .text.graphics_draw_text
                0x0000000000000000        0xc /Users/matthewcongrove/pebble-dev/PebbleSDK-2.3/Pebble/lib/libpebble.a(tmpAGzHFdpebble.o)
 .text.dict_serialize_tuplets_to_buffer
                0x0000000000000000        0xc /Users/matthewcongrove/pebble-dev/PebbleSDK-2.3/Pebble/lib/libpebble.a(tmpAGzHFdpebble.o)
 .text.persist_read_data
                0x0000000000000000        0xc /Users/matthewcongrove/pebble-dev/PebbleSDK-2.3/Pebble/lib/libpebble.a(tmpAGzHFdpebble.o)
 .text.persist_read_string
                0x0000000000000000        0xc /Users/matthewcongrove/pebble-dev/PebbleSDK-2.3/Pebble/lib/libpebble.a(tmpAGzHFdpebble.o)
 .text.persist_write_data
                0x0000000000000000        0xc /Users/matthewcongrove/pebble-dev/PebbleSDK-2.3/Pebble/lib/libpebble.a(tmpAGzHFdpebble.o)
 .text.dict_size
                0x0000000000000000        0xc /Users/matthewcongrove/pebble-dev/PebbleSDK-2.3/Pebble/lib/libpebble.a(tmpAGzHFdpebble.o)
 .text.graphics_text_layout_get_content_size
                0x0000000000000000        0xc /Users/matthewcongrove/pebble-dev/PebbleSDK-2.3/Pebble/lib/libpebble.a(tmpAGzHFdpebble.o)
 .text.simple_menu_layer_get_menu_layer
                0x0000000000000000        0xc /Users/matthewcongrove/pebble-dev/PebbleSDK-2.3/Pebble/lib/libpebble.a(tmpAGzHFdpebble.o)
 .text.accel_data_service_subscribe
                0x0000000000000000        0xc /Users/matthewcongrove/pebble-dev/PebbleSDK-2.3/Pebble/lib/libpebble.a(tmpAGzHFdpebble.o)
 .text.calloc   0x0000000000000000        0xc /Users/matthewcongrove/pebble-dev/PebbleSDK-2.3/Pebble/lib/libpebble.a(tmpAGzHFdpebble.o)
 .text.bitmap_layer_get_bitmap
                0x0000000000000000        0xc /Users/matthewcongrove/pebble-dev/PebbleSDK-2.3/Pebble/lib/libpebble.a(tmpAGzHFdpebble.o)
 .text.menu_layer_set_callbacks
                0x0000000000000000        0xc /Users/matthewcongrove/pebble-dev/PebbleSDK-2.3/Pebble/lib/libpebble.a(tmpAGzHFdpebble.o)
 .text.window_get_click_config_context
                0x0000000000000000        0xc /Users/matthewcongrove/pebble-dev/PebbleSDK-2.3/Pebble/lib/libpebble.a(tmpAGzHFdpebble.o)
 .text          0x0000000000000000        0x0 /Users/matthewcongrove/pebble-dev/PebbleSDK-2.3/arm-cs-tools/bin/../lib/gcc/arm-none-eabi/4.7.2/thumb2/crtend.o
 .bss           0x0000000000000000        0x0 /Users/matthewcongrove/pebble-dev/PebbleSDK-2.3/arm-cs-tools/bin/../lib/gcc/arm-none-eabi/4.7.2/thumb2/crtend.o
 .eh_frame      0x0000000000000000        0x4 /Users/matthewcongrove/pebble-dev/PebbleSDK-2.3/arm-cs-tools/bin/../lib/gcc/arm-none-eabi/4.7.2/thumb2/crtend.o
 .jcr           0x0000000000000000        0x4 /Users/matthewcongrove/pebble-dev/PebbleSDK-2.3/arm-cs-tools/bin/../lib/gcc/arm-none-eabi/4.7.2/thumb2/crtend.o
 .tm_clone_table
                0x0000000000000000        0x0 /Users/matthewcongrove/pebble-dev/PebbleSDK-2.3/arm-cs-tools/bin/../lib/gcc/arm-none-eabi/4.7.2/thumb2/crtend.o
 .text          0x0000000000000000        0x0 /Users/matthewcongrove/pebble-dev/PebbleSDK-2.3/arm-cs-tools/bin/../lib/gcc/arm-none-eabi/4.7.2/thumb2/crtn.o
 .bss           0x0000000000000000        0x0 /Users/matthewcongrove/pebble-dev/PebbleSDK-2.3/arm-cs-tools/bin/../lib/gcc/arm-none-eabi/4.7.2/thumb2/crtn.o
 .init          0x0000000000000000        0x8 /Users/matthewcongrove/pebble-dev/PebbleSDK-2.3/arm-cs-tools/bin/../lib/gcc/arm-none-eabi/4.7.2/thumb2/crtn.o
 .fini          0x0000000000000000        0x8 /Users/matthewcongrove/pebble-dev/PebbleSDK-2.3/arm-cs-tools/bin/../lib/gcc/arm-none-eabi/4.7.2/thumb2/crtn.o

Memory Configuration

Name             Origin             Length             Attributes
APP              0x0000000000000000 0x0000000000006000 xrw
*default*        0x0000000000000000 0xffffffffffffffff

Linker script and memory map

LOAD /Users/matthewcongrove/pebble-dev/PebbleSDK-2.3/arm-cs-tools/bin/../lib/gcc/arm-none-eabi/4.7.2/thumb2/crti.o
LOAD /Users/matthewcongrove/pebble-dev/PebbleSDK-2.3/arm-cs-tools/bin/../lib/gcc/arm-none-eabi/4.7.2/thumb2/crtbegin.o
LOAD src/config.c.7.o
LOAD src/main.c.7.o
LOAD src/pebble.c.7.o
LOAD appinfo.auto.c.7.o
LOAD /Users/matthewcongrove/pebble-dev/PebbleSDK-2.3/Pebble/lib/libpebble.a
START GROUP
LOAD /Users/matthewcongrove/pebble-dev/PebbleSDK-2.3/arm-cs-tools/bin/../lib/gcc/arm-none-eabi/4.7.2/thumb2/libgcc.a
LOAD /Users/matthewcongrove/pebble-dev/PebbleSDK-2.3/arm-cs-tools/bin/../lib/gcc/arm-none-eabi/4.7.2/../../../../arm-none-eabi/lib/thumb2/libc.a
END GROUP
LOAD /Users/matthewcongrove/pebble-dev/PebbleSDK-2.3/arm-cs-tools/bin/../lib/gcc/arm-none-eabi/4.7.2/thumb2/crtend.o
LOAD /Users/matthewcongrove/pebble-dev/PebbleSDK-2.3/arm-cs-tools/bin/../lib/gcc/arm-none-eabi/4.7.2/thumb2/crtn.o

.header         0x0000000000000000       0x82
 *(.pbl_header)
 .pbl_header    0x0000000000000000       0x82 appinfo.auto.c.7.o
                0x0000000000000000                __pbl_app_info

.text           0x0000000000000084      0x730
 *(.text)
 .text          0x0000000000000084       0x14 /Users/matthewcongrove/pebble-dev/PebbleSDK-2.3/Pebble/lib/libpebble.a(tmpAGzHFdpebble.o)
 *(.text.*)
 .text.clear_message
                0x0000000000000098       0x18 src/main.c.7.o
 .text.config_provider
                0x00000000000000b0       0x10 src/main.c.7.o
 .text.handle_window_unload
                0x00000000000000c0       0x30 src/main.c.7.o
 .text.receive_message
                0x00000000000000f0       0x30 src/main.c.7.o
                0x00000000000000f0                receive_message
 .text.send_message
                0x0000000000000120       0x28 src/main.c.7.o
                0x0000000000000120                send_message
 .text.select_single_click_handler
                0x0000000000000148        0x4 src/main.c.7.o
 .text.show_main
                0x000000000000014c       0xe0 src/main.c.7.o
                0x000000000000014c                show_main
 .text.hide_main
                0x000000000000022c       0x10 src/main.c.7.o
                0x000000000000022c                hide_main
 .text.out_failed_handler
                0x000000000000023c      0x104 src/pebble.c.7.o
 .text.out_sent_handler
                0x0000000000000340       0x18 src/pebble.c.7.o
 .text.in_dropped_handler
                0x0000000000000358       0x18 src/pebble.c.7.o
 .text.in_received_handler
                0x0000000000000370       0x58 src/pebble.c.7.o
 .text.startup.main
                0x00000000000003c8       0x54 src/pebble.c.7.o
                0x00000000000003c8                main
 .text.app_event_loop
                0x000000000000041c        0xc /Users/matthewcongrove/pebble-dev/PebbleSDK-2.3/Pebble/lib/libpebble.a(tmpAGzHFdpebble.o)
                0x000000000000041c                app_event_loop
 .text.app_log  0x0000000000000428        0xc /Users/matthewcongrove/pebble-dev/PebbleSDK-2.3/Pebble/lib/libpebble.a(tmpAGzHFdpebble.o)
                0x0000000000000428                app_log
 .text.app_message_open
                0x0000000000000434        0xc /Users/matthewcongrove/pebble-dev/PebbleSDK-2.3/Pebble/lib/libpebble.a(tmpAGzHFdpebble.o)
                0x0000000000000434                app_message_open
 .text.app_timer_cancel
                0x0000000000000440        0xc /Users/matthewcongrove/pebble-dev/PebbleSDK-2.3/Pebble/lib/libpebble.a(tmpAGzHFdpebble.o)
                0x0000000000000440                app_timer_cancel
 .text.app_timer_register
                0x000000000000044c        0xc /Users/matthewcongrove/pebble-dev/PebbleSDK-2.3/Pebble/lib/libpebble.a(tmpAGzHFdpebble.o)
                0x000000000000044c                app_timer_register
 .text.dict_find
                0x0000000000000458        0xc /Users/matthewcongrove/pebble-dev/PebbleSDK-2.3/Pebble/lib/libpebble.a(tmpAGzHFdpebble.o)
                0x0000000000000458                dict_find
 .text.dict_write_cstring
                0x0000000000000464        0xc /Users/matthewcongrove/pebble-dev/PebbleSDK-2.3/Pebble/lib/libpebble.a(tmpAGzHFdpebble.o)
                0x0000000000000464                dict_write_cstring
 .text.dict_write_end
                0x0000000000000470        0xc /Users/matthewcongrove/pebble-dev/PebbleSDK-2.3/Pebble/lib/libpebble.a(tmpAGzHFdpebble.o)
                0x0000000000000470                dict_write_end
 .text.fonts_get_system_font
                0x000000000000047c        0xc /Users/matthewcongrove/pebble-dev/PebbleSDK-2.3/Pebble/lib/libpebble.a(tmpAGzHFdpebble.o)
                0x000000000000047c                fonts_get_system_font
 .text.layer_add_child
                0x0000000000000488        0xc /Users/matthewcongrove/pebble-dev/PebbleSDK-2.3/Pebble/lib/libpebble.a(tmpAGzHFdpebble.o)
                0x0000000000000488                layer_add_child
 .text.memset   0x0000000000000494        0xc /Users/matthewcongrove/pebble-dev/PebbleSDK-2.3/Pebble/lib/libpebble.a(tmpAGzHFdpebble.o)
                0x0000000000000494                memset
 .text.text_layer_create
                0x00000000000004a0        0xc /Users/matthewcongrove/pebble-dev/PebbleSDK-2.3/Pebble/lib/libpebble.a(tmpAGzHFdpebble.o)
                0x00000000000004a0                text_layer_create
 .text.text_layer_destroy
                0x00000000000004ac        0xc /Users/matthewcongrove/pebble-dev/PebbleSDK-2.3/Pebble/lib/libpebble.a(tmpAGzHFdpebble.o)
                0x00000000000004ac                text_layer_destroy
 .text.text_layer_set_font
                0x00000000000004b8        0xc /Users/matthewcongrove/pebble-dev/PebbleSDK-2.3/Pebble/lib/libpebble.a(tmpAGzHFdpebble.o)
                0x00000000000004b8                text_layer_set_font
 .text.text_layer_set_text
                0x00000000000004c4        0xc /Users/matthewcongrove/pebble-dev/PebbleSDK-2.3/Pebble/lib/libpebble.a(tmpAGzHFdpebble.o)
                0x00000000000004c4                text_layer_set_text
 .text.text_layer_set_text_alignment
                0x00000000000004d0        0xc /Users/matthewcongrove/pebble-dev/PebbleSDK-2.3/Pebble/lib/libpebble.a(tmpAGzHFdpebble.o)
                0x00000000000004d0                text_layer_set_text_alignment
 .text.window_create
                0x00000000000004dc        0xc /Users/matthewcongrove/pebble-dev/PebbleSDK-2.3/Pebble/lib/libpebble.a(tmpAGzHFdpebble.o)
                0x00000000000004dc                window_create
 .text.window_destroy
                0x00000000000004e8        0xc /Users/matthewcongrove/pebble-dev/PebbleSDK-2.3/Pebble/lib/libpebble.a(tmpAGzHFdpebble.o)
                0x00000000000004e8                window_destroy
 .text.window_get_root_layer
                0x00000000000004f4        0xc /Users/matthewcongrove/pebble-dev/PebbleSDK-2.3/Pebble/lib/libpebble.a(tmpAGzHFdpebble.o)
                0x00000000000004f4                window_get_root_layer
 .text.window_set_click_config_provider
                0x0000000000000500        0xc /Users/matthewcongrove/pebble-dev/PebbleSDK-2.3/Pebble/lib/libpebble.a(tmpAGzHFdpebble.o)
                0x0000000000000500                window_set_click_config_provider
 .text.window_set_fullscreen
                0x000000000000050c        0xc /Users/matthewcongrove/pebble-dev/PebbleSDK-2.3/Pebble/lib/libpebble.a(tmpAGzHFdpebble.o)
                0x000000000000050c                window_set_fullscreen
 .text.window_set_window_handlers
                0x0000000000000518        0xc /Users/matthewcongrove/pebble-dev/PebbleSDK-2.3/Pebble/lib/libpebble.a(tmpAGzHFdpebble.o)
                0x0000000000000518                window_set_window_handlers
 .text.window_stack_push
                0x0000000000000524        0xc /Users/matthewcongrove/pebble-dev/PebbleSDK-2.3/Pebble/lib/libpebble.a(tmpAGzHFdpebble.o)
                0x0000000000000524                window_stack_push
 .text.window_stack_remove
                0x0000000000000530        0xc /Users/matthewcongrove/pebble-dev/PebbleSDK-2.3/Pebble/lib/libpebble.a(tmpAGzHFdpebble.o)
                0x0000000000000530                window_stack_remove
 .text.app_message_inbox_size_maximum
                0x000000000000053c        0xc /Users/matthewcongrove/pebble-dev/PebbleSDK-2.3/Pebble/lib/libpebble.a(tmpAGzHFdpebble.o)
                0x000000000000053c                app_message_inbox_size_maximum
 .text.app_message_outbox_begin
                0x0000000000000548        0xc /Users/matthewcongrove/pebble-dev/PebbleSDK-2.3/Pebble/lib/libpebble.a(tmpAGzHFdpebble.o)
                0x0000000000000548                app_message_outbox_begin
 .text.app_message_outbox_send
                0x0000000000000554        0xc /Users/matthewcongrove/pebble-dev/PebbleSDK-2.3/Pebble/lib/libpebble.a(tmpAGzHFdpebble.o)
                0x0000000000000554                app_message_outbox_send
 .text.app_message_outbox_size_maximum
                0x0000000000000560        0xc /Users/matthewcongrove/pebble-dev/PebbleSDK-2.3/Pebble/lib/libpebble.a(tmpAGzHFdpebble.o)
                0x0000000000000560                app_message_outbox_size_maximum
 .text.app_message_register_inbox_dropped
                0x000000000000056c        0xc /Users/matthewcongrove/pebble-dev/PebbleSDK-2.3/Pebble/lib/libpebble.a(tmpAGzHFdpebble.o)
                0x000000000000056c                app_message_register_inbox_dropped
 .text.app_message_register_inbox_received
                0x0000000000000578        0xc /Users/matthewcongrove/pebble-dev/PebbleSDK-2.3/Pebble/lib/libpebble.a(tmpAGzHFdpebble.o)
                0x0000000000000578                app_message_register_inbox_received
 .text.app_message_register_outbox_failed
                0x0000000000000584        0xc /Users/matthewcongrove/pebble-dev/PebbleSDK-2.3/Pebble/lib/libpebble.a(tmpAGzHFdpebble.o)
                0x0000000000000584                app_message_register_outbox_failed
 .text.app_message_register_outbox_sent
                0x0000000000000590        0xc /Users/matthewcongrove/pebble-dev/PebbleSDK-2.3/Pebble/lib/libpebble.a(tmpAGzHFdpebble.o)
                0x0000000000000590                app_message_register_outbox_sent
 .text.window_single_click_subscribe
                0x000000000000059c        0xc /Users/matthewcongrove/pebble-dev/PebbleSDK-2.3/Pebble/lib/libpebble.a(tmpAGzHFdpebble.o)
                0x000000000000059c                window_single_click_subscribe
 *(.rodata)
 .rodata        0x00000000000005a8       0x10 src/main.c.7.o
 *(.rodata*)
 .rodata.str1.1
                0x00000000000005b8       0x4f src/main.c.7.o
                                         0x50 (size before relaxing)
 .rodata.str1.1
                0x0000000000000607      0x1ad src/pebble.c.7.o

.glue_7         0x00000000000007b4        0x0
 .glue_7        0x0000000000000000        0x0 linker stubs

.glue_7t        0x00000000000007b4        0x0
 .glue_7t       0x0000000000000000        0x0 linker stubs

.vfp11_veneer   0x00000000000007b4        0x0
 .vfp11_veneer  0x0000000000000000        0x0 linker stubs

.v4_bx          0x00000000000007b4        0x0
 .v4_bx         0x0000000000000000        0x0 linker stubs

.iplt           0x00000000000007b4        0x0
 .iplt          0x0000000000000000        0x0 /Users/matthewcongrove/pebble-dev/PebbleSDK-2.3/arm-cs-tools/bin/../lib/gcc/arm-none-eabi/4.7.2/thumb2/crtbegin.o

.rel.dyn        0x00000000000007b4        0x0
 .rel.iplt      0x0000000000000000        0x0 /Users/matthewcongrove/pebble-dev/PebbleSDK-2.3/arm-cs-tools/bin/../lib/gcc/arm-none-eabi/4.7.2/thumb2/crtbegin.o

.data           0x00000000000007b4       0x44
 *(.data)
 .data          0x00000000000007b4        0x0 /Users/matthewcongrove/pebble-dev/PebbleSDK-2.3/arm-cs-tools/bin/../lib/gcc/arm-none-eabi/4.7.2/thumb2/crti.o
 .data          0x00000000000007b4        0x4 /Users/matthewcongrove/pebble-dev/PebbleSDK-2.3/arm-cs-tools/bin/../lib/gcc/arm-none-eabi/4.7.2/thumb2/crtbegin.o
                0x00000000000007b4                __dso_handle
 .data          0x00000000000007b8        0x0 src/config.c.7.o
 .data          0x00000000000007b8        0x0 src/main.c.7.o
 .data          0x00000000000007b8        0x0 src/pebble.c.7.o
 .data          0x00000000000007b8        0x0 appinfo.auto.c.7.o
 .data          0x00000000000007b8        0x0 /Users/matthewcongrove/pebble-dev/PebbleSDK-2.3/Pebble/lib/libpebble.a(tmpAGzHFdpebble.o)
 .data          0x00000000000007b8        0x0 /Users/matthewcongrove/pebble-dev/PebbleSDK-2.3/arm-cs-tools/bin/../lib/gcc/arm-none-eabi/4.7.2/thumb2/crtend.o
 .data          0x00000000000007b8        0x0 /Users/matthewcongrove/pebble-dev/PebbleSDK-2.3/arm-cs-tools/bin/../lib/gcc/arm-none-eabi/4.7.2/thumb2/crtn.o
 *(.data.*)
 .data.message.6458
                0x00000000000007b8       0x40 src/main.c.7.o

.igot.plt       0x00000000000007f8        0x0
 .igot.plt      0x0000000000000000        0x0 /Users/matthewcongrove/pebble-dev/PebbleSDK-2.3/arm-cs-tools/bin/../lib/gcc/arm-none-eabi/4.7.2/thumb2/crtbegin.o

.bss            0x00000000000007f8       0x14
 *(.bss)
 *(.bss.*)
 .bss.s_textlayer
                0x00000000000007f8        0x4 src/main.c.7.o
 .bss.s_textlayer_instructions
                0x00000000000007fc        0x4 src/main.c.7.o
 .bss.s_res_gothic_14
                0x0000000000000800        0x4 src/main.c.7.o
 .bss.s_window  0x0000000000000804        0x4 src/main.c.7.o
 .bss.s_timer   0x0000000000000808        0x4 src/main.c.7.o

DISCARD
 libc.a(*)
 libm.a(*)
 libgcc.a(*)
 *(.eh_frame)
OUTPUT(/Users/matthewcongrove/Documents/Titanium_Studio_Workspace/TiPebble-Example-Pebble/build/pebble-app.elf elf32-littlearm)

.ARM.attributes
                0x0000000000000000       0x27
 .ARM.attributes
                0x0000000000000000       0x19 /Users/matthewcongrove/pebble-dev/PebbleSDK-2.3/arm-cs-tools/bin/../lib/gcc/arm-none-eabi/4.7.2/thumb2/crti.o
 .ARM.attributes
                0x0000000000000019       0x29 /Users/matthewcongrove/pebble-dev/PebbleSDK-2.3/arm-cs-tools/bin/../lib/gcc/arm-none-eabi/4.7.2/thumb2/crtbegin.o
 .ARM.attributes
                0x0000000000000042       0x33 src/config.c.7.o
 .ARM.attributes
                0x0000000000000075       0x33 src/main.c.7.o
 .ARM.attributes
                0x00000000000000a8       0x33 src/pebble.c.7.o
 .ARM.attributes
                0x00000000000000db       0x33 appinfo.auto.c.7.o
 .ARM.attributes
                0x000000000000010e       0x21 /Users/matthewcongrove/pebble-dev/PebbleSDK-2.3/Pebble/lib/libpebble.a(tmpAGzHFdpebble.o)
 .ARM.attributes
                0x000000000000012f       0x29 /Users/matthewcongrove/pebble-dev/PebbleSDK-2.3/arm-cs-tools/bin/../lib/gcc/arm-none-eabi/4.7.2/thumb2/crtend.o
 .ARM.attributes
                0x0000000000000158       0x19 /Users/matthewcongrove/pebble-dev/PebbleSDK-2.3/arm-cs-tools/bin/../lib/gcc/arm-none-eabi/4.7.2/thumb2/crtn.o

.comment        0x0000000000000000       0x4e
 .comment       0x0000000000000000       0x4e /Users/matthewcongrove/pebble-dev/PebbleSDK-2.3/arm-cs-tools/bin/../lib/gcc/arm-none-eabi/4.7.2/thumb2/crtbegin.o
                                         0x4f (size before relaxing)
 .comment       0x0000000000000000       0x4f src/config.c.7.o
 .comment       0x0000000000000000       0x4f src/main.c.7.o
 .comment       0x0000000000000000       0x4f src/pebble.c.7.o
 .comment       0x0000000000000000       0x4f appinfo.auto.c.7.o
 .comment       0x0000000000000000       0x4f /Users/matthewcongrove/pebble-dev/PebbleSDK-2.3/arm-cs-tools/bin/../lib/gcc/arm-none-eabi/4.7.2/thumb2/crtend.o

.debug_line     0x0000000000000000      0x597
 .debug_line    0x0000000000000000        0x0 src/config.c.7.o
 .debug_line    0x0000000000000000      0x235 src/main.c.7.o
 .debug_line    0x0000000000000235      0x236 src/pebble.c.7.o
 .debug_line    0x000000000000046b      0x12c appinfo.auto.c.7.o

.debug_info     0x0000000000000000     0x1648
 .debug_info    0x0000000000000000      0xb4c src/main.c.7.o
 .debug_info    0x0000000000000b4c      0x7d0 src/pebble.c.7.o
 .debug_info    0x000000000000131c      0x32c appinfo.auto.c.7.o

.debug_abbrev   0x0000000000000000      0x5e9
 .debug_abbrev  0x0000000000000000      0x2ad src/main.c.7.o
 .debug_abbrev  0x00000000000002ad      0x288 src/pebble.c.7.o
 .debug_abbrev  0x0000000000000535       0xb4 appinfo.auto.c.7.o

.debug_loc      0x0000000000000000      0x43f
 .debug_loc     0x0000000000000000      0x160 src/main.c.7.o
 .debug_loc     0x0000000000000160      0x2df src/pebble.c.7.o

.debug_aranges  0x0000000000000000       0xb0
 .debug_aranges
                0x0000000000000000       0x58 src/main.c.7.o
 .debug_aranges
                0x0000000000000058       0x40 src/pebble.c.7.o
 .debug_aranges
                0x0000000000000098       0x18 appinfo.auto.c.7.o

.debug_ranges   0x0000000000000000       0xc0
 .debug_ranges  0x0000000000000000       0x60 src/main.c.7.o
 .debug_ranges  0x0000000000000060       0x60 src/pebble.c.7.o

.debug_str      0x0000000000000000      0xb50
 .debug_str     0x0000000000000000      0x75f src/main.c.7.o
                                        0x813 (size before relaxing)
 .debug_str     0x000000000000075f      0x272 src/pebble.c.7.o
                                        0x614 (size before relaxing)
 .debug_str     0x00000000000009d1      0x17f appinfo.auto.c.7.o
                                        0x2b3 (size before relaxing)

.debug_frame    0x0000000000000000      0x140
 .debug_frame   0x0000000000000000       0xbc src/main.c.7.o
 .debug_frame   0x00000000000000bc       0x84 src/pebble.c.7.o
